Juno[cpu:JunoCPU:0]: Loading memory interface: memHierarchy.memInterface ...
Juno[cpu:JunoCPU:0]: Successfully loaded memory interface.
Juno[cpu:JunoCPU:0]: Opening program ../asm/sum.bin ...
Juno[cpu:JunoProgramReader:0]: Application Version:      1000000
Juno[cpu:JunoProgramReader:0]: Data Length:              16
Juno[cpu:JunoProgramReader:0]: Inst Length:              28
Juno[cpu:JunoProgramReader:0]: Padding                   4
Juno[cpu:JunoCPU:0]: Creating an instruction manager...
Juno[cpu:JunoCPU:0]: PC set to: 16
Juno[cpu:JunoCPU:0]: Creating a register file of 16 64-bit integer registers...
Juno[cpu:JunoCPU:0]: Creating load/store unit...
Juno[cpu:JunoCPU:0]: Loading custom instructions...
Juno[cpu:JunoCPU:0]: Loaded 1 custom instruction handlers.
Juno[cpu:JunoCPU:0]: Loading operation cycle counts...
Juno[cpu:JunoCPU:0]: Configuring statistics...
Juno[cpu:JunoCPU:0]: Initialization done.
Juno[cpu:init:0]: Sending initialization data to memory...
Juno[cpu:init:0]: Initialization data sent.
Simulation is complete, simulated time: 125.119 us
