--------------------------------------------------------------------------
WARNING: a request was made to bind a process. While the system
supports binding the process itself, at least one node does NOT
support binding memory to the process location.

  Node:  sst-test

This usually is due to not having the required NUMA support installed
on the node. In some Linux distributions, the required support is
contained in the libnumactl and libnumactl-devel packages.
This is a warning only; your job will continue, though performance may be degraded.
--------------------------------------------------------------------------
Juno[cpu:JunoCPU:0]: Loading memory interface: memHierarchy.memInterface ...
Juno[cpu:JunoCPU:0]: Successfully loaded memory interface.
Juno[cpu:JunoCPU:0]: Opening program ../asm/modulo.bin ...
Juno[cpu:JunoProgramReader:0]: Application Version:      1000000
Juno[cpu:JunoProgramReader:0]: Data Length:              24
Juno[cpu:JunoProgramReader:0]: Inst Length:              48
Juno[cpu:JunoProgramReader:0]: Padding                   0
Juno[cpu:JunoCPU:0]: Creating an instruction manager...
Juno[cpu:JunoCPU:0]: PC set to: 24
Juno[cpu:JunoCPU:0]: Creating a register file of 16 64-bit integer registers...
Juno[cpu:JunoCPU:0]: Creating load/store unit...
Juno[cpu:JunoCPU:0]: Loading custom instructions...
Juno[cpu:JunoCPU:0]: Loaded 1 custom instruction handlers.
Juno[cpu:JunoCPU:0]: Loading operation cycle counts...
Juno[cpu:JunoCPU:0]: Configuring statistics...
Juno[cpu:JunoCPU:0]: Initialization done.
Juno[cpu:init:0]: Sending initialization data to memory...
Juno[cpu:init:0]: Initialization data sent.
Simulation is complete, simulated time: 579.213 ns
